<?xml version="1.0" encoding="UTF-8"?>
<project xsi:schemaLocation="http://maven.apache.org/POM/4.0.0 http://maven.apache.org/xsd/maven-4.0.0.xsd" xmlns="http://maven.apache.org/POM/4.0.0"
         xmlns:xsi="http://www.w3.org/2001/XMLSchema-instance">
    <modelVersion>4.0.0</modelVersion>

    <groupId>com.example</groupId>
    <artifactId>app</artifactId>
    <version>1.0.0</version>

    <dependencies>
        <dependency>
            <groupId>io.netty</groupId>
            <artifactId>netty-tcnative-boringssl-static</artifactId>
            <version>2.0.61.Final</version>
            <scope>runtime</scope>
            <classifier>linux-aarch_64</classifier>
        </dependency>
        <dependency>
            <groupId>io.netty</groupId>
            <artifactId>netty-tcnative-boringssl-static</artifactId>
            <version>2.0.61.Final</version>
            <classifier>linux-x86_64</classifier>
        </dependency>
    </dependencies>
</project>
