<?xml version="1.0" encoding="UTF-8"?>
<project xsi:schemaLocation="http://maven.apache.org/POM/4.0.0 http://maven.apache.org/xsd/maven-4.0.0.xsd" xmlns="http://maven.apache.org/POM/4.0.0"
         xmlns:xsi="http://www.w3.org/2001/XMLSchema-instance">
    <modelVersion>4.0.0</modelVersion>

    <groupId>com.example</groupId>
    <artifactId>app</artifactId>
    <version>1.0.0</version>

    <dependencies>
        <dependency>
            <groupId>com.google.guava</groupId>
            <artifactId>guava</artifactId>
            <version>31.1-jre</version>
            <scope>runtime</scope>
            <exclusions>
                <exclusion>
                    <groupId>com.google.errorprone</groupId>
                    <artifactId>error_prone_annotations</artifactId>
                </exclusion>
            </exclusions>
        </dependency>
    </dependencies>
</project>
